[audit-harness] base=http://127.0.0.1:3000 stress=1000
[PASS] [Coordinator] app_reachable — HTTP 200
[PASS] [A13-Security] jobs_POST_requires_auth — blocked status=401 code=auth
[PASS] [A13-Security] jobs_GET_requires_auth — blocked status=401 code=auth
[PASS] [A13-Security] jobs_transition_requires_auth — blocked status=401 code=auth
[PASS] [A13-Security] payments_release_requires_auth — blocked status=401 code=auth
[PASS] [A13-Security] payments_refund_requires_auth — blocked status=401 code=auth
[PASS] [A13-Security] payments_history_requires_auth — blocked status=401 code=auth
[PASS] [A13-Security] sessions_GET_requires_auth — blocked status=401 code=auth
[PASS] [A13-Security] addresses_GET_requires_auth — blocked status=401 code=auth
[PASS] [A13-Security] notifications_GET_requires_auth — blocked status=401 code=auth
[PASS] [A13-Security] wallet_GET_requires_auth — blocked status=401 code=auth
[PASS] [A13-Security] cashout_GET_requires_auth — blocked status=401 code=auth
[PASS] [A13-Security] liveness_POST_requires_auth — blocked status=401 code=auth
[PASS] [A13-Security] reviews_POST_requires_auth — blocked status=401 code=auth
[PASS] [A13-Security] artisan_GET_requires_auth — blocked status=401 code=auth
[PASS] [A13-Security] call_signal_GET_requires_auth — blocked status=401 code=auth
[PASS] [A13-Security] referral_GET_requires_auth — blocked status=401 code=auth
[PASS] [A13-Security] payments_init_requires_auth — blocked status=401 code=auth
[PASS] [A13-Security] resolve_account_requires_auth — blocked status=401 code=auth
[PASS] [A13-Security] pros_live_requires_auth — blocked status=400 code=error
[PASS] [A13-Security] rate_limit_exists — in-memory Map (multi-instance gap remains P2)
[PASS] [A1-Auth] signup — 0afd7b99-8336-432f-a891-4bd7c4b01037
[PASS] [A1-Auth] password_login — session issued
[PASS] [A1-Auth] otp_send — demo
[PASS] [A1-Auth] otp_verify_336699 — session ok
[PASS] [A1-Auth] otp_reject_wrong_code — status=400
[PASS] [A1-Auth] logout — status=200
[PASS] [A1-Auth] otp_unregistered_blocked — email_not_registered
[PASS] [A5-Database] manifest_loaded — customers=500 pros=56
[PASS] [A5-Database] pro_category_coverage — categories=14/14
[PASS] [A2-CustomerFlow] create_job — 072393a4-8c42-450d-a682-5a27a766e2a0
[PASS] [A2-CustomerFlow] initial_status — negotiating
[PASS] [A2-CustomerFlow] start_negotiation — negotiating
[PASS] [A2-CustomerFlow] pro_decline_reroute — searching
[PASS] [A14-Stress] concurrent_logins_1000 — elapsed=9868ms avg=9.9ms 5xx=0 netFail=0 batch=50 sample=401,401,401,401,401
[PASS] [A14-Stress] page_burst — statuses=200,200,404,200 ms=222

[audit-harness] summary { passed: 36, failed: 0, findings: 0 }
[audit-harness] wrote /Users/mac/Desktop/Code/Ona/tmp-audit/audit-harness-latest.json
